[www.cobratate.com/jointherealworld.html]
[backblue.gif]
[fade.gif]
[index.html]
[www.cobratate.com/jointherealworld/css/v2/normalize.css]
[www.cobratate.com/jointherealworld/css/v2/components.css]
[www.cobratate.com/jointherealworld/css/v2/therealworld-site.css]
[www.cobratate.com/css/menu-style.css]
[www.cobratate.com/css/footer-styles.css]
[www.cobratate.com/css/ionicons.min.css]
[code.jquery.com/jquery-latest.min.js]
[www.cobratate.com/jointherealworld/images/favicon.png]
[www.cobratate.com/jointherealworld/images/webclip.png]
[cdn.jsdelivr.net/npm/@finsweet/attributes-cmsload@1/cmsload.js]
[cdn.jsdelivr.net/npm/alertifyjs@1.13.1/build/alertify.min.js]
[cdn.jsdelivr.net/npm/alertifyjs@1.13.1/build/css/alertify.min.css]
[cdn.jsdelivr.net/npm/alertifyjs@1.13.1/build/css/themes/default.min.css]
[www.cobratate.com/js/nav-menu.js]
[www.cobratate.com/checkout.html]
[www.cobratate.com/jointherealworld/images/Group-427319400-1.webp]
[www.cobratate.com/jointherealworld/images/PLAYNOW-1.svg]
[embed.cloudflarestream.com/embed/sdk.latest.js]
[www.cobratate.com/jointherealworld/images/Vector-1.webp]
[www.cobratate.com/jointherealworld/images/Vector.webp]
[www.cobratate.com/jointherealworld/images/Group-56-1.png]
[www.cobratate.com/jointherealworld/images/Matrix-Gradient-1-1.webp]
[www.cobratate.com/jointherealworld/images/Matrix-Gradient-Mobile-1.png]
[www.cobratate.com/jointherealworld/images/image-106.webp]
[www.cobratate.com/jointherealworld/images/Group-427319621.svg]
[www.cobratate.com/jointherealworld/images/image-8.webp]
[www.cobratate.com/jointherealworld/images/Group-427319311-1.webp]
[www.cobratate.com/jointherealworld/images/image-85-1.webp]
[www.cobratate.com/jointherealworld/images/Group-427319588-1.webp]
[www.cobratate.com/jointherealworld/images/Group-427319406.svg]
[www.cobratate.com/jointherealworld/images/image-86-1.webp]
[www.cobratate.com/jointherealworld/images/Group-427319405-1.webp]
[www.cobratate.com/jointherealworld/images/trwprof.png]
[www.cobratate.com/jointherealworld/images/Group-427319414-1.png]
[www.cobratate.com/jointherealworld/images/image-90-1-1.png]
[www.cobratate.com/jointherealworld/images/image-87-1.webp]
[www.cobratate.com/jointherealworld/images/ecom.jpg]
[www.cobratate.com/jointherealworld/images/pb.png]
[www.cobratate.com/jointherealworld/images/image-89-1.webp]
[www.cobratate.com/jointherealworld/images/copy.jpg]
[www.cobratate.com/jointherealworld/images/image-87-2-1.webp]
[www.cobratate.com/jointherealworld/images/stocks.jpg]
[www.cobratate.com/jointherealworld/images/image-87-3-1.webp]
[www.cobratate.com/jointherealworld/images/freelance.jpg]
[www.cobratate.com/jointherealworld/images/image-87-4-1.webp]
[www.cobratate.com/jointherealworld/images/crypto.jpg]
[www.cobratate.com/jointherealworld/images/image-87-5-1.webp]
[www.cobratate.com/jointherealworld/images/business.jpg]
[www.cobratate.com/jointherealworld/images/Group-427319426.webp]
[www.cobratate.com/jointherealworld/images/ugc.jpg]
[www.cobratate.com/jointherealworld/images/cac.webp]
[www.cobratate.com/jointherealworld/images/ccc.jpg]
[www.cobratate.com/jointherealworld/images/Group-427319429-1.webp]
[www.cobratate.com/jointherealworld/images/Vector.svg]
[www.cobratate.com/jointherealworld/images/Group.svg]
[www.cobratate.com/jointherealworld/images/trw-planet.webp]
[www.cobratate.com/jointherealworld/images/Group-427319194-2.png]
[www.cobratate.com/jointherealworld/images/image-38.webp]
[www.cobratate.com/jointherealworld/images/image-37.webp]
[www.cobratate.com/jointherealworld/images/image-36.webp]
[www.cobratate.com/jointherealworld/images/image-39.webp]
[www.cobratate.com/jointherealworld/images/image-40.webp]
[www.cobratate.com/jointherealworld/images/image-41.webp]
[www.cobratate.com/jointherealworld/images/image-42.webp]
[www.cobratate.com/jointherealworld/images/image-47.webp]
[www.cobratate.com/jointherealworld/images/image-43.webp]
[www.cobratate.com/jointherealworld/images/image-45.webp]
[www.cobratate.com/jointherealworld/images/image-46.webp]
[www.cobratate.com/jointherealworld/images/image-48.webp]
[www.cobratate.com/jointherealworld/images/image-44.webp]
[www.cobratate.com/jointherealworld/images/image-52.webp]
[www.cobratate.com/jointherealworld/images/image-51.webp]
[www.cobratate.com/jointherealworld/images/image-53.webp]
[www.cobratate.com/jointherealworld/images/image-50.webp]
[www.cobratate.com/jointherealworld/images/image-56.webp]
[www.cobratate.com/jointherealworld/images/image-54.webp]
[www.cobratate.com/jointherealworld/images/image-62.webp]
[www.cobratate.com/jointherealworld/images/image-58.webp]
[www.cobratate.com/jointherealworld/images/image-57.webp]
[www.cobratate.com/jointherealworld/images/image-61.webp]
[www.cobratate.com/jointherealworld/images/image-59.webp]
[www.cobratate.com/jointherealworld/images/image-60.webp]
[www.cobratate.com/jointherealworld/images/image-49.webp]
[www.cobratate.com/jointherealworld/images/Rectangle-32-1.png]
[www.cobratate.com/jointherealworld/images/Group-427319439-2.webp]
[www.cobratate.com/jointherealworld/images/mena.jpg]
[www.cobratate.com/jointherealworld/images/nox.jpg]
[www.cobratate.com/jointherealworld/images/jordan.jpg]
[www.cobratate.com/jointherealworld/images/ac.jpg]
[www.cobratate.com/jointherealworld/images/dana.jpg]
[www.cobratate.com/jointherealworld/images/jonathan.jpg]
[www.cobratate.com/jointherealworld/images/federico.jpg]
[www.cobratate.com/jointherealworld/images/seth.jpg]
[www.cobratate.com/jointherealworld/images/christian.jpg]
[www.cobratate.com/jointherealworld/images/burak.jpg]
[www.cobratate.com/jointherealworld/images/belmin.jpg]
[www.cobratate.com/jointherealworld/images/ando.jpg]
[www.cobratate.com/jointherealworld/images/alessio.jpg]
[www.cobratate.com/jointherealworld/images/saad.jpg]
[www.cobratate.com/jointherealworld/images/alex.jpg]
[www.cobratate.com/jointherealworld/images/micah.jpg]
[www.cobratate.com/jointherealworld/images/dan.jpg]
[www.cobratate.com/jointherealworld/images/brice.jpg]
[www.cobratate.com/jointherealworld/images/ted.jpg]
[www.cobratate.com/jointherealworld/images/earl.jpg]
[www.cobratate.com/jointherealworld/images/jacob.jpg]
[www.cobratate.com/jointherealworld/images/vuyo.jpg]
[www.cobratate.com/jointherealworld/images/ardi.jpg]
[www.cobratate.com/jointherealworld/images/orson.jpg]
[www.cobratate.com/jointherealworld/images/austin.jpg]
[www.cobratate.com/jointherealworld/images/nicolas.jpg]
[www.cobratate.com/jointherealworld/images/danial.jpg]
[www.cobratate.com/jointherealworld/images/bando.jpg]
[www.cobratate.com/jointherealworld/images/andre.jpg]
[www.cobratate.com/jointherealworld/images/filippo.jpg]
[www.cobratate.com/jointherealworld/images/mathew.jpg]
[www.cobratate.com/jointherealworld/images/veterang.jpg]
[www.cobratate.com/jointherealworld/images/ryan.jpg]
[www.cobratate.com/jointherealworld/images/ronan.jpg]
[www.cobratate.com/jointherealworld/images/terell.jpg]
[www.cobratate.com/jointherealworld/images/travis.jpg]
[www.cobratate.com/jointherealworld/images/shahraja.jpg]
[www.cobratate.com/jointherealworld/images/ramy.jpg]
[www.cobratate.com/jointherealworld/images/maktor.jpg]
[www.cobratate.com/jointherealworld/images/paul.jpg]
[www.cobratate.com/jointherealworld/images/garrau.jpg]
[www.cobratate.com/jointherealworld/images/nikolai.jpg]
[www.cobratate.com/jointherealworld/images/milosh.jpg]
[www.cobratate.com/jointherealworld/images/matteo.jpg]
[www.cobratate.com/jointherealworld/images/chihab.jpg]
[www.cobratate.com/jointherealworld/images/efrem.jpg]
[www.cobratate.com/jointherealworld/images/sotiris.jpg]
[www.cobratate.com/jointherealworld/images/darith.jpg]
[www.cobratate.com/jointherealworld/images/freeezy.jpg]
[www.cobratate.com/jointherealworld/images/image-91-2.webp]
[www.cobratate.com/jointherealworld/images/image-93.webp]
[www.cobratate.com/jointherealworld/images/Group-427319441.webp]
[www.cobratate.com/jointherealworld/images/image-92.webp]
[www.cobratate.com/jointherealworld/images/image-95.webp]
[www.cobratate.com/jointherealworld/images/Vector_1.svg]
[www.cobratate.com/jointherealworld/images/trw-app2.png]
[www.cobratate.com/jointherealworld/images/Group-427319553-1-1.png]
[www.cobratate.com/jointherealworld/images/prof_img2.png]
[www.cobratate.com/jointherealworld/images/trw-app.png]
[www.cobratate.com/jointherealworld/images/2022-11-11-14-20-05-1.webp]
[www.cobratate.com/jointherealworld/images/Gruppe-50-1-1.webp]
[www.cobratate.com/jointherealworld/images/Gruppe-73-1.webp]
[www.cobratate.com/jointherealworld/images/Gruppe-84-2.webp]
[www.cobratate.com/jointherealworld/images/Gruppe-70-2.webp]
[www.cobratate.com/jointherealworld/images/Gruppe-55-1.webp]
[www.cobratate.com/jointherealworld/images/image-7-1.webp]
[uploads-ssl.webflow.com/645ee27460eff05ed801596c/645f364ac592fff767e9b89e_image 103.png]
[www.cobratate.com/jointherealworld/images/image-105-1.webp]
[www.cobratate.com/terms-and-conditions.html]
[www.cobratate.com/privacy-policy.html]
[www.cobratate.com/cdn-cgi/l/email-protection.html]
[www.cobratate.com/index.html]
[www.cobratate.com/tate-confidential.html]
[www.cobratate.com/tatespeech.html]
[www.cobratate.com/41-tenets.html]
[www.cobratate.com/the-tales-of-wudan.html]
[www.cobratate.com/shop.html]
[www.cobratate.com/contact.html]
[www.cobratate.com/official.html]
[www.cobratate.com/newsletter.html]
[www.cobratate.com/faq.html]
[www.cobratate.com/refund-policy.html]
[www.cobratate.com/terms-conditions.html]
[www.cobratate.com/images/Top-G.svg]
[www.cobratate.com/cdn-cgi/scripts/5c5dd728/cloudflare-static/email-decode.min.js]
[www.cobratate.com/jointherealworld/js/v2/therealworld-site.js]
[www.cobratate.com/js/megamenu.js]
[www.cobratate.com/jointherealworld.html]
[www.googletagmanager.com/gtm5445.html]
[www.cobratate.com/jointherealworld/css/v2/normalize.css]
[www.cobratate.com/jointherealworld/css/v2/components.css]
[client.crisp.chat/l.js]
[www.cobratate.com/jointherealworld/images/image-104-1.png]
[www.cobratate.com/jointherealworld/css/fonts/LeagueSpartan-Bold.ttf]
[www.cobratate.com/jointherealworld/css/fonts/LeagueSpartan-Medium.ttf]
[www.cobratate.com/jointherealworld/css/fonts/LeagueSpartan-Regular.ttf]
[www.cobratate.com/jointherealworld/css/fonts/Satoshi-Regular.otf]
[www.cobratate.com/jointherealworld/css/fonts/Satoshi-Bold.otf]
[www.cobratate.com/jointherealworld/css/fonts/Satoshi-Medium.otf]
[www.cobratate.com/jointherealworld/css/v2/therealworld-site.css]
[www.cobratate.com/jointherealworld/css/fonts/Satoshi-Black.otf]
[www.cobratate.com/css/menu-style.css]
[www.cobratate.com/css/footer-styles.css]
[www.cobratate.com/css/fonts/Spartan-Regular.ttf]
[www.cobratate.com/fonts/ionicons790f.eot]
[www.cobratate.com/fonts/ionicons790f.ttf]
[www.cobratate.com/fonts/ionicons790f.woff]
[www.cobratate.com/css/ionicons.min.css]
[cdn.jsdelivr.net/npm/alertifyjs@1.13.1/build/css/alertify.min.css]
[cdn.jsdelivr.net/npm/alertifyjs@1.13.1/build/css/themes/default.min.css]
[www.cobratate.com/fonts/ionicons790f.svg]
[www.cobratate.com/images/tatepreview.png]
[www.cobratate.com/css/normalize.css]
[www.cobratate.com/css/components.css]
[www.cobratate.com/css/cobratate-v3f9e3.css]
[ajax.googleapis.com/ajax/libs/webfont/1.6.26/webfont.js]
[www.cobratate.com/images/favicon.png]
[www.cobratate.com/images/webclip.png]
[jetboost.netlify.app/jetboost.js]
[www.cobratate.com/_https_/uploads-ssl.webflow.com/6181b0b1a9ba753863f1b595/62e281828188061e6ddae166_Cobra Tate Website Chat-poster-00001.jpg_]
[d3e54v103j8qbb.cloudfront.net/js/jquery-3.5.1.min.dc5e7f18c80422.js]
[www.cobratate.com/js/cobratate-v3.js]
[www.cobratate.com/js/purchasePopup.js]
[www.cobratate.com/checkout.html]
[www.cobratate.com/jointherealworld/images/PLAYNOW-1.svg]
[www.cobratate.com/jointherealworld/images/Group-427319621.svg]
[www.cobratate.com/jointherealworld/images/Group-427319406.svg]
[www.cobratate.com/jointherealworld/images/Vector.svg]
[www.cobratate.com/jointherealworld/images/Group.svg]
[www.cobratate.com/jointherealworld/images/Vector_1.svg]
[www.cobratate.com/js/affiliate-links.js]
[www.cobratate.com/css/v2/normalize.css]
[www.cobratate.com/css/v2/webflow.css]
[www.cobratate.com/css/cobratate-v3.css]
[www.cobratate.com/css/v2/cobratate-site-8d881abd6ed441123004350c.webflow.css]
[www.cobratate.com/mission.html]
[www.cobratate.com/images/v2/Cobra-03Tate.jpg]
[www.cobratate.com/images/v2/Cobra-01Tate_1Cobra-01Tate.webp]
[www.cobratate.com/images/v2/Cobra-02Tate_1Cobra-02Tate.webp]
[www.cobratate.com/js/newsletter-v7.js]
[www.cobratate.com/index.html]
[www.cobratate.com/terms-and-conditions.html]
[www.cobratate.com/privacy-policy.html]
[www.cobratate.com/cdn-cgi/l/email-protection.html]
[www.cobratate.com/js/webflow.js]
[www.cobratate.com/_https_/uploads-ssl.webflow.com/6093d1d7c1b0f32feb8fba2f/61006b09d5c577faca033b1f_Tateconfpromocompressed-1-poster-00001.jpg_]
[www.cobratate.com/videos/Tateconfpromocompressed-1-transcode.mp4]
[www.cobratate.com/tate-confidential.html]
[www.cobratate.com/tatespeech.html]
[cdnjs.cloudflare.com/ajax/libs/materialize/1.0.0/css/materialize.min.css]
[cdn.jsdelivr.net/npm/swiper/swiper-bundle.min.css]
[www.cobratate.com/images/41-tenet/Tenet 1.jpg]
[www.cobratate.com/images/41-tenet/Tenet 2.jpg]
[www.cobratate.com/images/41-tenet/Tenet 3.jpg]
[www.cobratate.com/images/41-tenet/Tenet 4.jpg]
[www.cobratate.com/images/41-tenet/Tenet 5.jpg]
[www.cobratate.com/images/41-tenet/Tenet 6.jpg]
[www.cobratate.com/images/41-tenet/Tenet 7.jpg]
[www.cobratate.com/images/41-tenet/Tenet 8.jpg]
[www.cobratate.com/images/41-tenet/Tenet 9.jpg]
[www.cobratate.com/images/41-tenet/Tenet 10.jpg]
[www.cobratate.com/images/41-tenet/Tenet 11.jpg]
[www.cobratate.com/images/41-tenet/Tenet 12.jpg]
[www.cobratate.com/images/41-tenet/Tenet 13.jpg]
[www.cobratate.com/images/41-tenet/Tenet 14.jpg]
[www.cobratate.com/images/41-tenet/Tenet 15.jpg]
[www.cobratate.com/images/41-tenet/Tenet 16.jpg]
[www.cobratate.com/images/41-tenet/Tenet 17.jpg]
[www.cobratate.com/images/41-tenet/Tenet 18.jpg]
[www.cobratate.com/images/41-tenet/Tenet 19.jpg]
[www.cobratate.com/images/41-tenet/Tenet 20.jpg]
[www.cobratate.com/images/41-tenet/Tenet 21.jpg]
[www.cobratate.com/images/41-tenet/Tenet 22.jpg]
[www.cobratate.com/images/41-tenet/Tenet 23.jpg]
[www.cobratate.com/images/41-tenet/Tenet 24.jpg]
[www.cobratate.com/images/41-tenet/Tenet 25.jpg]
[www.cobratate.com/images/41-tenet/Tenet 26.jpg]
[www.cobratate.com/images/41-tenet/Tenet 27.jpg]
[www.cobratate.com/images/41-tenet/Tenet 28.jpg]
[www.cobratate.com/images/41-tenet/Tenet 29.jpg]
[www.cobratate.com/images/41-tenet/Tenet 30.jpg]
[www.cobratate.com/images/41-tenet/Tenet 31.jpg]
[www.cobratate.com/images/41-tenet/Tenet 32.jpg]
[www.cobratate.com/images/41-tenet/Tenet 33.jpg]
[www.cobratate.com/images/41-tenet/Tenet 34.jpg]
[www.cobratate.com/images/41-tenet/Tenet 35.jpg]
[www.cobratate.com/images/41-tenet/Tenet 36.jpg]
[www.cobratate.com/images/41-tenet/Tenet 37.jpg]
[www.cobratate.com/images/41-tenet/Tenet 38.jpg]
[www.cobratate.com/images/41-tenet/Tenet 39.jpg]
[www.cobratate.com/images/41-tenet/Tenet 40.jpg]
[www.cobratate.com/images/41-tenet/Tenet 41.jpg]
[cdnjs.cloudflare.com/ajax/libs/materialize/1.0.0/js/materialize.min.js]
[www.cobratate.com/41-tenets.html]
[cdn.jsdelivr.net/npm/swiper/swiper-bundle.min.js]
[www.cobratate.com/images/tow/tow_og_img.jpg]
[www.cobratate.com/css/tow/normalize.css]
[www.cobratate.com/css/tow/components.css]
[www.cobratate.com/css/tow/tow.css]
[www.cobratate.com/images/tow/image-18.png]
[www.cobratate.com/straw-pillows.html]
[www.cobratate.com/images/tow/book-icon.png]
[www.cobratate.com/images/tow/straw.jpg]
[www.cobratate.com/peace-amongst-the-trees.html]
[www.cobratate.com/images/tow/peaceamongstthetrees.jpg]
[www.cobratate.com/nightmares-of-a-warrior.html]
[www.cobratate.com/images/tow/nightmares.jpg]
[www.cobratate.com/dedicating-your-mind-to-a-single-thought.html]
[www.cobratate.com/images/tow/dedicatingyourmind.jpg]
[www.cobratate.com/a-skilled-craftsman.html]
[www.cobratate.com/images/tow/skilledcraftsman.jpg]
[www.cobratate.com/master-po-and-the-100-blossoms.html]
[www.cobratate.com/images/tow/100blossoms.jpg]
[www.cobratate.com/master-po-and-the-9998-butterflies.html]
[www.cobratate.com/images/tow/butterflies_1.jpg]
[www.cobratate.com/master-arashi-challenges-master-po.html]
[www.cobratate.com/images/tow/arashi.jpg]
[www.cobratate.com/the-mysterious-old-man.html]
[www.cobratate.com/images/tow/oldman.jpg]
[www.cobratate.com/master-pos-dance-with-curiosity.html]
[www.cobratate.com/images/tow/podance.jpg]
[www.cobratate.com/first-encounter-after-descending-wudan-mountain.html]
[www.cobratate.com/images/tow/fistencounter.jpg]
[www.cobratate.com/the-embarassing-walk-back-to-wudan.html]
[www.cobratate.com/images/tow/embarrasingwalk.jpg]
[www.cobratate.com/smashing-a-tree-with-my-bare-hands.html]
[www.cobratate.com/images/tow/smashtree.jpg]
[www.cobratate.com/master-po-died.html]
[www.cobratate.com/images/tow/podied.jpg]
[www.cobratate.com/the-tiger-and-the-fly.html]
[www.cobratate.com/images/tow/tigerandfly.jpg]
[www.cobratate.com/the-sun-faded-and-the-day-vanished.html]
[www.cobratate.com/images/tow/sunfaded.jpg]
[www.cobratate.com/the-frozen-wasteland.html]
[www.cobratate.com/images/tow/frozenwasteland.jpg]
[www.cobratate.com/last-night-atop-wudan.html]
[www.cobratate.com/images/tow/lastnight.jpg]
[www.cobratate.com/carrying-thoughts.html]
[www.cobratate.com/images/tow/carrythoughts.jpg]
[www.cobratate.com/swinging-the-scythe.html]
[www.cobratate.com/images/tow/swingscythe.jpg]
[www.cobratate.com/the-jade-tiger.html]
[www.cobratate.com/images/tow/jadetiger.jpg]
[www.cobratate.com/candle-light.html]
[www.cobratate.com/images/tow/candlelight.jpg]
[www.cobratate.com/images/tow/Ellipse-10.png]
[www.cobratate.com/the-tales-of-wudan.html]
[www.cobratate.com/js/tow.js]
[www.cobratate.com/_https_/uploads-ssl.webflow.com/5ee76aa38c8a966d9d225157/5ef5d4fb73611bb5d84218db_CT2 (1]
[www.cobratate.com/images/trw_shop.jpg]
[www.cobratate.com/product/war-room.html]
[www.cobratate.com/product/product_assets/War-RoomHQ.jpg]
[www.cobratate.com/shop.html]
[www.cobratate.com/images/tate-contact.jpg]
[www.cobratate.com/contact.html]
[www.cobratate.com/official.html]
[www.cobratate.com/images/tatepreviewfull.jpg]
[www.cobratate.com/css/cobratate-newsletter.webflow.css]
[www.cobratate.com/videos/matrix-poster-00001.jpg]
[www.cobratate.com/videos/matrix-transcode.mp4]
[www.cobratate.com/videos/matrix-transcode.webm]
[www.cobratate.com/newsletter.html]
[www.cobratate.com/faq.html]
[www.cobratate.com/refund-policy.html]
[www.cobratate.com/terms-conditions.html]
[www.cobratate.com/images/Top-G.svg]
[www.cobratate.com/fonts/ionicons790f.svg]
[www.cobratate.com/css/normalize.css]
[www.cobratate.com/css/components.css]
[www.cobratate.com/images/news-graph.svg]
[www.cobratate.com/images/69772985_534195924085234_4695582221564483719_n.jpg]
[www.cobratate.com/images/104437630_732564537571673_4636440367644984097_n.jpg]
[www.cobratate.com/images/72159216_409580709977231_7753857812990929797_n.jpg]
[www.cobratate.com/images/shop-hero.jpg]
[www.cobratate.com/images/wrmiamiblurred.jpg]
[www.cobratate.com/images/93755785_213998646719765_1337968498363095813_n.jpg]
[www.cobratate.com/images/photo4961180899467176489.jpg]
[www.cobratate.com/images/TBC_6168.jpg]
[www.cobratate.com/images/tateloungehd_best.jpg]
[www.cobratate.com/images/SpocialForcesTate.jpg]
[www.cobratate.com/images/photo5012718870636636488.jpg]
[www.cobratate.com/images/6181b0b1a9ba753b6cf1b74e_Screenshot-2021-02-19-at-17.10.51.png]
[www.cobratate.com/images/photo4963291476461201628.jpg]
[www.cobratate.com/images/TateMiamiCropped.jpg]
[www.cobratate.com/images/MiamiPool.jpg]
[www.cobratate.com/images/photo5006025400329021733.jpg]
[www.cobratate.com/images/whatiswrcropped_manualupscale.jpg]
[www.cobratate.com/images/tate_1.jpg]
[www.cobratate.com/images/TBC_7588.jpg]
[www.cobratate.com/images/TateMoneyBags.jpg]
[www.cobratate.com/images/photo_2021-10-31_18-12-20.jpg]
[www.cobratate.com/images/purpleroom.jpg]
[www.cobratate.com/images/photo_2021-11-06_17-38-30.jpg]
[www.cobratate.com/images/TBC_7640.jpg]
[www.cobratate.com/images/photo_2021-11-06_17-38-37.jpg]
[www.cobratate.com/images/6093d1d7c1b0f360b78fbbc7_Daco_4925781.png]
[www.cobratate.com/images/wrmeetup.jpg]
[www.cobratate.com/images/photo_2021-11-06_17-38-23.jpg]
[www.cobratate.com/images/photo_2021-08-09_13-07-41.jpg]
[www.cobratate.com/images/group5_censored.jpg]
[www.cobratate.com/images/photo_2021-11-06_17-38-07.jpg]
[www.cobratate.com/images/photo_2021-11-06_17-38-00.jpg]
[www.cobratate.com/images/group9_censored.jpg]
[www.cobratate.com/images/photo_2021-11-06_17-37-24.jpg]
[www.cobratate.com/images/photo_2021-12-30_14-16-31.jpg]
[www.cobratate.com/images/TaT_shooting.jpg]
[www.cobratate.com/images/photo_2021-12-30_14-17-29.jpg]
[www.cobratate.com/images/private_jet_censored.jpg]
[www.cobratate.com/images/group4_censored.jpg]
[www.cobratate.com/images/Tate_smoking.jpg]
[www.cobratate.com/images/T_shootingAK.jpg]
[www.cobratate.com/images/group13_censored.jpg]
[www.cobratate.com/images/yacht.png]
[www.cobratate.com/images/photo_2022-02-08_15-37-07.jpg]
[www.cobratate.com/images/Web-Desire-Logo.svg]
[www.cobratate.com/images/Hustlers-University-2.0---Logo-2021-ALPHA.png]
[www.cobratate.com/images/tate_2-1.jpg]
[www.cobratate.com/images/whatiswrcropped2.jpg]
[www.cobratate.com/images/group8_censored.jpg]
[www.cobratate.com/images/group10_censored.jpg]
[www.cobratate.com/images/group15_censored.jpg]
[www.cobratate.com/images/TandTate_shooting.jpg]
[www.cobratate.com/images/T_group_censored.jpg]
[www.cobratate.com/images/Hustlers-University-2.0---Logo-2021-ALPHA-CUT.png]
[www.cobratate.com/css/cobratate-v3f9e3.css]
[www.cobratate.com/_https_/uploads-ssl.webflow.com/6181b0b1a9ba753863f1b595/62e281828188061e6ddae166_Cobra Tate Website Chat-poster-00001.html]
[www.cobratate.com/css/v2/normalize.css]
[www.cobratate.com/css/v2/webflow.css]
[www.cobratate.com/css/cobratate-v3.css]
[www.cobratate.com/images/v2/BG-Section_1BG Section.webp]
[www.cobratate.com/fonts/Spartan-Bold.woff2]
[www.cobratate.com/fonts/Spartan-Light.woff2]
[www.cobratate.com/fonts/Spartan-Regular.woff2]
[www.cobratate.com/fonts/Spartan-Black.woff2]
[www.cobratate.com/fonts/Spartan-Medium.woff2]
[www.cobratate.com/fonts/Spartan-SemiBold.woff2]
[www.cobratate.com/css/v2/cobratate-site-8d881abd6ed441123004350c.webflow.css]
[www.cobratate.com/css/mission/normalize.css]
[www.cobratate.com/css/mission/webflow.css]
[www.cobratate.com/css/mission/tate-mission-d93a75.webflow.css]
[cdnjs.cloudflare.com/ajax/libs/splidejs/4.1.4/css/splide-core.min.css]
[www.cobratate.com/images/mission/im12.jpg]
[www.cobratate.com/images/mission/img3.jpg]
[www.cobratate.com/images/mission/img5.jpg]
[www.cobratate.com/images/mission/img1.jpg]
[www.cobratate.com/images/mission/img6.jpg]
[www.cobratate.com/images/mission/im8.jpg]
[www.cobratate.com/_videos/mission/twr-checkout-poster-00001.jpg_]
[www.cobratate.com/videos/mission/twr-checkout-transcode.mp4]
[www.cobratate.com/videos/mission/twr-checkout-transcode.webm]
[www.cobratate.com/js/mission.js]
[cdnjs.cloudflare.com/ajax/libs/splidejs/4.1.4/js/splide.min.js]
[cdn.jsdelivr.net/npm/@splidejs/splide-extension-auto-scroll@0.5.3/dist/js/splide-extension-auto-scroll.min.js]
[www.cobratate.com/mission.html]
[cdn.jsdelivr.net/npm/@splidejs/splide-extension-intersection@0.2.0/dist/js/splide-extension-intersection.min.js]
[www.cobratate.com/_https_/uploads-ssl.webflow.com/6093d1d7c1b0f32feb8fba2f/61006b09d5c577faca033b1f_Tateconfpromocompressed-1-poster-00001.html]
[cdnjs.cloudflare.com/ajax/libs/materialize/1.0.0/css/materialize.min.css]
[cdn.jsdelivr.net/npm/swiper/swiper-bundle.min.css]
[www.cobratate.com/css/tow/normalize.css]
[www.cobratate.com/css/tow/components.css]
[www.cobratate.com/images/tow/bgfull.jpg]
[www.cobratate.com/images/tow/peace-trees.jpg]
[www.cobratate.com/images/tow/strawpillows.jpg]
[www.cobratate.com/images/tow/nightmares-warrior.jpg]
[www.cobratate.com/images/tow/dedicating-mind.jpg]
[www.cobratate.com/images/tow/skilled-craftsman.jpg]
[www.cobratate.com/images/tow/100-blossoms.jpg]
[www.cobratate.com/images/tow/butterflies.jpg]
[www.cobratate.com/images/tow/master-arashi.jpg]
[www.cobratate.com/images/tow/mysterious-old-man.jpg]
[www.cobratate.com/images/tow/po-dance.jpg]
[www.cobratate.com/images/tow/first-enconter.jpg]
[www.cobratate.com/images/tow/embarassing-walk.jpg]
[www.cobratate.com/images/tow/smashing-a-tree.jpg]
[www.cobratate.com/images/tow/po-died.jpg]
[www.cobratate.com/images/tow/tiger-and-fly.jpg]
[www.cobratate.com/images/tow/sun-faded.jpg]
[www.cobratate.com/images/tow/frozen-wasteland.jpg]
[www.cobratate.com/images/tow/last-night.jpg]
[www.cobratate.com/images/tow/carrrying-thought.jpg]
[www.cobratate.com/images/tow/scythe.jpg]
[www.cobratate.com/images/tow/jade-tiger-thumb.jpg]
[www.cobratate.com/images/tow/Group-427319280.jpg]
[www.cobratate.com/images/tow/discoverBG.jpg]
[www.cobratate.com/images/tow/bgfullwide.jpg]
[www.cobratate.com/images/tow/bgmobile.jpg]
[www.cobratate.com/css/tow/tow.css]
[www.cobratate.com/images/tow/thumb.jpg]
[www.cobratate.com/images/tow/bgimg1.jpg]
[www.cobratate.com/images/tow/bgimg2.jpg]
[www.cobratate.com/straw-pillows.html]
[www.cobratate.com/images/tow/Group-427319190.jpg]
[www.cobratate.com/images/tow/Group-427319263.jpg]
[www.cobratate.com/images/tow/Group-427319262.jpg]
[www.cobratate.com/peace-amongst-the-trees.html]
[www.cobratate.com/images/tow/Group-427319145.jpg]
[www.cobratate.com/images/tow/Group-427319264.jpg]
[www.cobratate.com/nightmares-of-a-warrior.html]
[www.cobratate.com/images/tow/Group-427319145_1.jpg]
[www.cobratate.com/dedicating-your-mind-to-a-single-thought.html]
[www.cobratate.com/images/tow/Group-427319196.jpg]
[www.cobratate.com/images/tow/Group-427319265.jpg]
[www.cobratate.com/images/tow/Group-427319146.jpg]
[www.cobratate.com/a-skilled-craftsman.html]
[www.cobratate.com/images/tow/Group-427319200.jpg]
[www.cobratate.com/images/tow/Group-427319266.jpg]
[www.cobratate.com/images/tow/Group-427319267.jpg]
[www.cobratate.com/master-po-and-the-100-blossoms.html]
[www.cobratate.com/master-po-and-the-9998-butterflies.html]
[www.cobratate.com/images/tow/Group-427319208.jpg]
[www.cobratate.com/images/tow/Mask-group.jpg]
[www.cobratate.com/master-arashi-challenges-master-po.html]
[www.cobratate.com/images/tow/Group-427319213.jpg]
[www.cobratate.com/images/tow/Mask-group_1.jpg]
[www.cobratate.com/the-mysterious-old-man.html]
[www.cobratate.com/images/tow/Group-427319219.jpg]
[www.cobratate.com/images/tow/Mask-group_2.jpg]
[www.cobratate.com/master-pos-dance-with-curiosity.html]
[www.cobratate.com/images/tow/Group-427319223.jpg]
[www.cobratate.com/images/tow/Group-427319271.jpg]
[www.cobratate.com/images/tow/Mask-group_3.jpg]
[www.cobratate.com/first-encounter-after-descending-wudan-mountain.html]
[www.cobratate.com/images/tow/Group-427319227.jpg]
[www.cobratate.com/the-embarassing-walk-back-to-wudan.html]
[www.cobratate.com/images/tow/Group-427319232.jpg]
[www.cobratate.com/images/tow/Group-427319273.jpg]
[www.cobratate.com/images/tow/Group-427319274.jpg]
[www.cobratate.com/smashing-a-tree-with-my-bare-hands.html]
[www.cobratate.com/images/tow/Group-427319236.jpg]
[www.cobratate.com/master-po-died.html]
[www.cobratate.com/images/tow/Group-427319240.jpg]
[www.cobratate.com/the-tiger-and-the-fly.html]
[www.cobratate.com/images/tow/Group-427319244.jpg]
[www.cobratate.com/the-sun-faded-and-the-day-vanished.html]
[www.cobratate.com/images/tow/Group-427319248.jpg]
[www.cobratate.com/images/tow/Group-427319275.jpg]
[www.cobratate.com/the-frozen-wasteland.html]
[www.cobratate.com/images/tow/Group-427319252.jpg]
[www.cobratate.com/last-night-atop-wudan.html]
[www.cobratate.com/images/tow/Group-427319255.jpg]
[www.cobratate.com/carrying-thoughts.html]
[www.cobratate.com/images/tow/Group-427319259.jpg]
[www.cobratate.com/swinging-the-scythe.html]
[www.cobratate.com/images/tow/jade-tiger.jpg]
[www.cobratate.com/the-jade-tiger.html]
[www.cobratate.com/images/tow/Group-427319293.jpg]
[www.cobratate.com/images/tow/Group-427319296.jpg]
[www.cobratate.com/images/tow/Group-427319297.jpg]
[www.cobratate.com/candle-light.html]
[www.cobratate.com/_https_/uploads-ssl.webflow.com/5ee76aa38c8a966d9d225157/5ef5d4fb73611bb5d84218db_CT2 (1.html]
[www.cobratate.com/product/index.html]
[www.cobratate.com/product/images/Tate-Logo-Web3.png]
[www.cobratate.com/letter-from-jail.html]
[www.cobratate.com/product/shop.html]
[www.cobratate.com/images/Plain_Yellow_Star.png]
[www.cobratate.com/product/product_assets/tateloungehd_best.jpg]
[www.cobratate.com/product/product_assets/TateMiamiCropped.jpg]
[www.cobratate.com/product/product_assets/wr.jpg]
[www.cobratate.com/product/product_assets/SpecialForcesTate.jpg]
[www.cobratate.com/product/jointherealworld.html]
[www.cobratate.com/product/war-room.html]
[www.cobratate.com/css/cobratate-newsletter.webflow.css]
[www.cobratate.com/images/news-graph.svg]
[www.cobratate.com/images/Web-Desire-Logo.svg]
[www.cobratate.com/css/mission/normalize.css]
[www.cobratate.com/css/mission/webflow.css]
[www.cobratate.com/images/mission/mission_hero_bg.jpg]
[www.cobratate.com/css/mission/tate-mission-d93a75.webflow.css]
[cdnjs.cloudflare.com/ajax/libs/splidejs/4.1.4/css/splide-core.min.css]
[www.cobratate.com/_videos/mission/twr-checkout-poster-00001.html]
[d3e54v103j8qbb.cloudfront.net/js/jquery-3.6.0.min.dc5e7f18c8d13b.js]
[www.cobratate.com/product/index.html]
[www.cobratate.com/product/images/Tate-Logo-Web3.html]
[www.cobratate.com/css/letter.css]
[www.cobratate.com/css/aos.css]
[www.cobratate.com/js/aos.js]
[vjs.zencdn.net/8.3.0/video-js.css]
[www.cobratate.com/images/letter/1.png]
[www.cobratate.com/images/letter/2.png]
[www.cobratate.com/images/letter/3.png]
[www.cobratate.com/images/letter/4.png]
[www.cobratate.com/images/letter/5.png]
[www.cobratate.com/images/letter/6.png]
[www.cobratate.com/images/letter/7.png]
[www.cobratate.com/images/letter/8.png]
[www.cobratate.com/images/letter/9.png]
[www.cobratate.com/images/letter/10.png]
[www.cobratate.com/images/letter/11.png]
[www.cobratate.com/images/letter/12.png]
[www.cobratate.com/letter-from-jail.html]
[www.cobratate.com/product/shop.html]
[www.cobratate.com/product/jointherealworld.html]
[www.cobratate.com/images/letter/underline.png]
[www.cobratate.com/images/letter/jail-bg.png]
[www.cobratate.com/css/letter.css]
[www.cobratate.com/css/aos.css]
[vjs.zencdn.net/8.3.0/video-js.css]
